\BOOKMARK [1][-]{section.1}{\376\377\000I\000n\000t\000r\000o\000d\000u\000c\000c\000i\000\363\000n}{}% 1
\BOOKMARK [1][-]{section.2}{\376\377\000D\000e\000s\000c\000r\000i\000p\000c\000i\000\363\000n\000\040\000g\000e\000n\000e\000r\000a\000l\000\040\000d\000e\000l\000\040\000s\000i\000s\000t\000e\000m\000a}{}% 2
\BOOKMARK [2][-]{subsection.2.1}{\376\377\000S\000t\000a\000c\000k\000\040\000t\000e\000c\000n\000o\000l\000\363\000g\000i\000c\000o}{section.2}% 3
\BOOKMARK [1][-]{section.3}{\376\377\000E\000s\000t\000r\000u\000c\000t\000u\000r\000a\000\040\000d\000e\000l\000\040\000r\000e\000p\000o\000s\000i\000t\000o\000r\000i\000o}{}% 4
\BOOKMARK [1][-]{section.4}{\376\377\000C\000o\000n\000c\000e\000p\000t\000o\000s\000\040\000f\000u\000n\000d\000a\000m\000e\000n\000t\000a\000l\000e\000s\000\040\000d\000e\000\040\000C\000I\000/\000C\000D}{}% 5
\BOOKMARK [2][-]{subsection.4.1}{\376\377\000I\000n\000t\000e\000g\000r\000a\000c\000i\000\363\000n\000\040\000C\000o\000n\000t\000i\000n\000u\000a\000\040\000\050\000C\000I\000\051}{section.4}% 6
\BOOKMARK [2][-]{subsection.4.2}{\376\377\000E\000n\000t\000r\000e\000g\000a\000\040\000C\000o\000n\000t\000i\000n\000u\000a\000\040\000\050\000C\000D\000\051}{section.4}% 7
\BOOKMARK [2][-]{subsection.4.3}{\376\377\000C\000o\000n\000c\000e\000p\000t\000o\000s\000\040\000d\000e\000\040\000G\000i\000t\000H\000u\000b\000\040\000A\000c\000t\000i\000o\000n\000s}{section.4}% 8
\BOOKMARK [1][-]{section.5}{\376\377\000E\000s\000t\000r\000a\000t\000e\000g\000i\000a\000\040\000d\000e\000\040\000B\000r\000a\000n\000c\000h\000i\000n\000g}{}% 9
\BOOKMARK [1][-]{section.6}{\376\377\000E\000x\000p\000l\000i\000c\000a\000c\000i\000\363\000n\000\040\000d\000e\000l\000\040\000P\000i\000p\000e\000l\000i\000n\000e\000\040\000C\000I\000/\000C\000D}{}% 10
\BOOKMARK [2][-]{subsection.6.1}{\376\377\000J\000o\000b\000\040\0001\000:\000\040\000B\000u\000i\000l\000d\000\040\000\046\000\040\000T\000e\000s\000t}{section.6}% 11
\BOOKMARK [2][-]{subsection.6.2}{\376\377\000J\000o\000b\000\040\0002\000:\000\040\000D\000o\000c\000k\000e\000r\000\040\000B\000u\000i\000l\000d\000\040\000\046\000\040\000P\000u\000s\000h}{section.6}% 12
\BOOKMARK [2][-]{subsection.6.3}{\376\377\000J\000o\000b\000\040\0003\000:\000\040\000D\000e\000p\000l\000o\000y}{section.6}% 13
\BOOKMARK [2][-]{subsection.6.4}{\376\377\000J\000o\000b\000\040\0004\000:\000\040\000N\000o\000t\000i\000f\000i\000c\000a\000c\000i\000o\000n\000e\000s}{section.6}% 14
\BOOKMARK [1][-]{section.7}{\376\377\000P\000r\000u\000e\000b\000a\000s\000\040\000u\000n\000i\000t\000a\000r\000i\000a\000s\000\040\000i\000m\000p\000l\000e\000m\000e\000n\000t\000a\000d\000a\000s}{}% 15
\BOOKMARK [2][-]{subsection.7.1}{\376\377\000P\000r\000u\000e\000b\000a\000s\000\040\000d\000e\000l\000\040\000P\000r\000o\000d\000u\000c\000t\000o\000S\000e\000r\000v\000i\000c\000e}{section.7}% 16
\BOOKMARK [2][-]{subsection.7.2}{\376\377\000P\000r\000u\000e\000b\000a\000s\000\040\000d\000e\000l\000\040\000C\000a\000t\000e\000g\000o\000r\000i\000a\000S\000e\000r\000v\000i\000c\000e}{section.7}% 17
\BOOKMARK [2][-]{subsection.7.3}{\376\377\000P\000r\000u\000e\000b\000a\000s\000\040\000d\000e\000l\000\040\000U\000s\000u\000a\000r\000i\000o\000S\000e\000r\000v\000i\000c\000e}{section.7}% 18
\BOOKMARK [2][-]{subsection.7.4}{\376\377\000P\000r\000u\000e\000b\000a\000s\000\040\000d\000e\000l\000\040\000J\000w\000t\000T\000o\000k\000e\000n\000U\000t\000i\000l}{section.7}% 19
\BOOKMARK [2][-]{subsection.7.5}{\376\377\000P\000r\000u\000e\000b\000a\000s\000\040\000d\000e\000l\000\040\000m\000o\000d\000e\000l\000o\000\040\000P\000r\000o\000d\000u\000c\000t\000o}{section.7}% 20
\BOOKMARK [1][-]{section.8}{\376\377\000G\000e\000s\000t\000i\000\363\000n\000\040\000d\000e\000\040\000s\000e\000c\000r\000e\000t\000o\000s}{}% 21
\BOOKMARK [2][-]{subsection.8.1}{\376\377\000S\000e\000c\000r\000e\000t\000o\000s\000\040\000c\000o\000n\000f\000i\000g\000u\000r\000a\000d\000o\000s}{section.8}% 22
\BOOKMARK [1][-]{section.9}{\376\377\000R\000e\000g\000i\000s\000t\000r\000o\000\040\000d\000e\000\040\000c\000o\000n\000t\000e\000n\000e\000d\000o\000r\000e\000s\000\040\000\050\000D\000o\000c\000k\000e\000r\000\040\000H\000u\000b\000\051}{}% 23
\BOOKMARK [2][-]{subsection.9.1}{\376\377\000E\000s\000t\000r\000a\000t\000e\000g\000i\000a\000\040\000d\000e\000\040\000e\000t\000i\000q\000u\000e\000t\000a\000d\000o}{section.9}% 24
\BOOKMARK [2][-]{subsection.9.2}{\376\377\000D\000o\000c\000k\000e\000r\000f\000i\000l\000e\000s\000\040\000\050\000M\000u\000l\000t\000i\000-\000s\000t\000a\000g\000e\000\040\000b\000u\000i\000l\000d\000s\000\051}{section.9}% 25
\BOOKMARK [1][-]{section.10}{\376\377\000R\000e\000s\000u\000l\000t\000a\000d\000o\000s\000\040\000o\000b\000t\000e\000n\000i\000d\000o\000s}{}% 26
\BOOKMARK [2][-]{subsection.10.1}{\376\377\000E\000j\000e\000c\000u\000c\000i\000\363\000n\000\040\000d\000e\000l\000\040\000p\000i\000p\000e\000l\000i\000n\000e\000\040\000c\000o\000m\000p\000l\000e\000t\000o}{section.10}% 27
\BOOKMARK [2][-]{subsection.10.2}{\376\377\000D\000e\000t\000a\000l\000l\000e\000\040\000d\000e\000\040\000c\000a\000d\000a\000\040\000j\000o\000b}{section.10}% 28
\BOOKMARK [2][-]{subsection.10.3}{\376\377\000N\000o\000t\000i\000f\000i\000c\000a\000c\000i\000\363\000n\000\040\000r\000e\000c\000i\000b\000i\000d\000a}{section.10}% 29
\BOOKMARK [1][-]{section.11}{\376\377\000A\000n\000\341\000l\000i\000s\000i\000s\000\040\000y\000\040\000c\000o\000n\000c\000l\000u\000s\000i\000o\000n\000e\000s}{}% 30
\BOOKMARK [2][-]{subsection.11.1}{\376\377\000B\000e\000n\000e\000f\000i\000c\000i\000o\000s\000\040\000d\000e\000l\000\040\000C\000I\000/\000C\000D\000\040\000i\000m\000p\000l\000e\000m\000e\000n\000t\000a\000d\000o}{section.11}% 31
\BOOKMARK [2][-]{subsection.11.2}{\376\377\000L\000e\000c\000c\000i\000o\000n\000e\000s\000\040\000a\000p\000r\000e\000n\000d\000i\000d\000a\000s}{section.11}% 32
